error: expected expression, found `let` statement
  --> $DIR/feature-gate.rs:14:16
   |
LL |         () if (let 0 = 1) => {}
   |                ^^^^^^^^^
   |
   = note: only supported directly in conditions of `if` and `while` expressions
note: `let`s wrapped in parentheses are not supported in a context with let chains
  --> $DIR/feature-gate.rs:14:16
   |
LL |         () if (let 0 = 1) => {}
   |                ^^^^^^^^^

error: expected expression, found `let` statement
  --> $DIR/feature-gate.rs:17:18
   |
LL |         () if (((let 0 = 1))) => {}
   |                  ^^^^^^^^^
   |
   = note: only supported directly in conditions of `if` and `while` expressions
note: `let`s wrapped in parentheses are not supported in a context with let chains
  --> $DIR/feature-gate.rs:17:18
   |
LL |         () if (((let 0 = 1))) => {}
   |                  ^^^^^^^^^

error: expected expression, found `let` statement
  --> $DIR/feature-gate.rs:26:16
   |
LL |         () if (let 0 = 1) && true => {}
   |                ^^^^^^^^^
   |
   = note: only supported directly in conditions of `if` and `while` expressions
note: `let`s wrapped in parentheses are not supported in a context with let chains
  --> $DIR/feature-gate.rs:26:16
   |
LL |         () if (let 0 = 1) && true => {}
   |                ^^^^^^^^^

error: expected expression, found `let` statement
  --> $DIR/feature-gate.rs:29:24
   |
LL |         () if true && (let 0 = 1) => {}
   |                        ^^^^^^^^^
   |
   = note: only supported directly in conditions of `if` and `while` expressions
note: `let`s wrapped in parentheses are not supported in a context with let chains
  --> $DIR/feature-gate.rs:29:24
   |
LL |         () if true && (let 0 = 1) => {}
   |                        ^^^^^^^^^

error: expected expression, found `let` statement
  --> $DIR/feature-gate.rs:32:16
   |
LL |         () if (let 0 = 1) && (let 0 = 1) => {}
   |                ^^^^^^^^^
   |
   = note: only supported directly in conditions of `if` and `while` expressions
note: `let`s wrapped in parentheses are not supported in a context with let chains
  --> $DIR/feature-gate.rs:32:16
   |
LL |         () if (let 0 = 1) && (let 0 = 1) => {}
   |                ^^^^^^^^^

error: expected expression, found `let` statement
  --> $DIR/feature-gate.rs:32:31
   |
LL |         () if (let 0 = 1) && (let 0 = 1) => {}
   |                               ^^^^^^^^^
   |
   = note: only supported directly in conditions of `if` and `while` expressions
note: `let`s wrapped in parentheses are not supported in a context with let chains
  --> $DIR/feature-gate.rs:32:31
   |
LL |         () if (let 0 = 1) && (let 0 = 1) => {}
   |                               ^^^^^^^^^

error: expected expression, found `let` statement
  --> $DIR/feature-gate.rs:36:42
   |
LL |         () if let 0 = 1 && let 1 = 2 && (let 2 = 3 && let 3 = 4 && let 4 = 5) => {}
   |                                          ^^^^^^^^^
   |
   = note: only supported directly in conditions of `if` and `while` expressions
note: `let`s wrapped in parentheses are not supported in a context with let chains
  --> $DIR/feature-gate.rs:36:42
   |
LL |         () if let 0 = 1 && let 1 = 2 && (let 2 = 3 && let 3 = 4 && let 4 = 5) => {}
   |                                          ^^^^^^^^^^^^^^^^^^^^^^^^^^^^^^^^^^^

error: expected expression, found `let` statement
  --> $DIR/feature-gate.rs:36:55
   |
LL |         () if let 0 = 1 && let 1 = 2 && (let 2 = 3 && let 3 = 4 && let 4 = 5) => {}
   |                                                       ^^^^^^^^^
   |
   = note: only supported directly in conditions of `if` and `while` expressions
note: `let`s wrapped in parentheses are not supported in a context with let chains
  --> $DIR/feature-gate.rs:36:42
   |
LL |         () if let 0 = 1 && let 1 = 2 && (let 2 = 3 && let 3 = 4 && let 4 = 5) => {}
   |                                          ^^^^^^^^^^^^^^^^^^^^^^^^^^^^^^^^^^^

error: expected expression, found `let` statement
  --> $DIR/feature-gate.rs:36:68
   |
LL |         () if let 0 = 1 && let 1 = 2 && (let 2 = 3 && let 3 = 4 && let 4 = 5) => {}
   |                                                                    ^^^^^^^^^
   |
   = note: only supported directly in conditions of `if` and `while` expressions
note: `let`s wrapped in parentheses are not supported in a context with let chains
  --> $DIR/feature-gate.rs:36:42
   |
LL |         () if let 0 = 1 && let 1 = 2 && (let 2 = 3 && let 3 = 4 && let 4 = 5) => {}
   |                                          ^^^^^^^^^^^^^^^^^^^^^^^^^^^^^^^^^^^

error: expected expression, found `let` statement
  --> $DIR/feature-gate.rs:59:16
   |
LL |     use_expr!((let 0 = 1 && 0 == 0));
   |                ^^^
   |
   = note: only supported directly in conditions of `if` and `while` expressions

error: expected expression, found `let` statement
  --> $DIR/feature-gate.rs:59:16
   |
LL |     use_expr!((let 0 = 1 && 0 == 0));
   |                ^^^
   |
   = note: only supported directly in conditions of `if` and `while` expressions
   = note: duplicate diagnostic emitted due to `-Z deduplicate-diagnostics=no`

error: expected expression, found `let` statement
  --> $DIR/feature-gate.rs:62:16
   |
LL |     use_expr!((let 0 = 1));
   |                ^^^
   |
   = note: only supported directly in conditions of `if` and `while` expressions

error: expected expression, found `let` statement
  --> $DIR/feature-gate.rs:62:16
   |
LL |     use_expr!((let 0 = 1));
   |                ^^^
   |
   = note: only supported directly in conditions of `if` and `while` expressions
   = note: duplicate diagnostic emitted due to `-Z deduplicate-diagnostics=no`

error: no rules expected keyword `let`
  --> $DIR/feature-gate.rs:71:15
   |
LL |     macro_rules! use_expr {
   |     --------------------- when calling this macro
...
LL |     use_expr!(let 0 = 1);
   |               ^^^ no rules expected this token in macro call
   |
note: while trying to match meta-variable `$e:expr`
  --> $DIR/feature-gate.rs:52:10
   |
LL |         ($e:expr) => {
   |          ^^^^^^^

error[E0658]: `if let` guards are experimental
  --> $DIR/feature-gate.rs:11:12
   |
LL |         () if let 0 = 1 => {}
   |            ^^^^^^^^^^^^
   |
   = note: see issue #51114 <https://github.com/rust-lang/rust/issues/51114> for more information
   = help: add `#![feature(if_let_guard)]` to the crate attributes to enable
   = note: this compiler was built on YYYY-MM-DD; consider upgrading it if it is out of date
   = help: you can write `if matches!(<expr>, <pattern>)` instead of `if let <pattern> = <expr>`

error[E0658]: `if let` guards are experimental
  --> $DIR/feature-gate.rs:20:12
   |
LL |         () if true && let 0 = 1 => {}
   |            ^^^^^^^^^^^^^^^^^^^^
   |
   = note: see issue #51114 <https://github.com/rust-lang/rust/issues/51114> for more information
   = help: add `#![feature(if_let_guard)]` to the crate attributes to enable
   = note: this compiler was built on YYYY-MM-DD; consider upgrading it if it is out of date
   = help: you can write `if matches!(<expr>, <pattern>)` instead of `if let <pattern> = <expr>`

error[E0658]: `if let` guards are experimental
  --> $DIR/feature-gate.rs:23:12
   |
LL |         () if let 0 = 1 && true => {}
   |            ^^^^^^^^^^^^^^^^^^^^
   |
   = note: see issue #51114 <https://github.com/rust-lang/rust/issues/51114> for more information
   = help: add `#![feature(if_let_guard)]` to the crate attributes to enable
   = note: this compiler was built on YYYY-MM-DD; consider upgrading it if it is out of date
   = help: you can write `if matches!(<expr>, <pattern>)` instead of `if let <pattern> = <expr>`

error[E0658]: `if let` guards are experimental
  --> $DIR/feature-gate.rs:36:12
   |
LL |         () if let 0 = 1 && let 1 = 2 && (let 2 = 3 && let 3 = 4 && let 4 = 5) => {}
   |            ^^^^^^^^^^^^^^^^^^^^^^^^^^^^^^^^^^^^^^^^^^^^^^^^^^^^^^^^^^^^^^^^^^
   |
   = note: see issue #51114 <https://github.com/rust-lang/rust/issues/51114> for more information
   = help: add `#![feature(if_let_guard)]` to the crate attributes to enable
   = note: this compiler was built on YYYY-MM-DD; consider upgrading it if it is out of date
   = help: you can write `if matches!(<expr>, <pattern>)` instead of `if let <pattern> = <expr>`

error[E0658]: `if let` guards are experimental
  --> $DIR/feature-gate.rs:43:12
   |
LL |         () if let Range { start: _, end: _ } = (true..true) && false => {}
   |            ^^^^^^^^^^^^^^^^^^^^^^^^^^^^^^^^^^^^^^^^^^^^^^^^^^^^^^^^^
   |
   = note: see issue #51114 <https://github.com/rust-lang/rust/issues/51114> for more information
   = help: add `#![feature(if_let_guard)]` to the crate attributes to enable
   = note: this compiler was built on YYYY-MM-DD; consider upgrading it if it is out of date
   = help: you can write `if matches!(<expr>, <pattern>)` instead of `if let <pattern> = <expr>`

error[E0658]: `if let` guards are experimental
  --> $DIR/feature-gate.rs:67:12
   |
LL |         () if let 0 = 1 => {}
   |            ^^^^^^^^^^^^
   |
   = note: see issue #51114 <https://github.com/rust-lang/rust/issues/51114> for more information
   = help: add `#![feature(if_let_guard)]` to the crate attributes to enable
   = note: this compiler was built on YYYY-MM-DD; consider upgrading it if it is out of date
   = help: you can write `if matches!(<expr>, <pattern>)` instead of `if let <pattern> = <expr>`

error: aborting due to 20 previous errors

For more information about this error, try `rustc --explain E0658`.
